{
  "ballSpeedMps": 4.8,
  "clubSpeedMps": 5.4,
  "sideAngleDeg": 0.0,
  "carryEstM": 0.0
}
