<section class="upgrade-section">
  <h2>Activate SoccerIQ Pro</h2>
  <p class="upgrade-copy">Checkout is powered by Stripe for the web and the App/Play Store on mobile. Complete payment to unlock Pro instantly.</p>
  <p class="upgrade-status">Current tier: <strong>FREE</strong></p>
  <ul class="upgrade-benefits">
    <li>Unlimited coach personas</li>
    <li>AR target precision scoring</li>
    <li>Priority match insights</li>
  </ul>
  <button class="upgrade-primary">Upgrade with Stripe Checkout</button>
  <button class="restore-button">Restore purchases</button>
</section>
